Last login: Tue Nov  4 12:55:56 on ttys001
(base) meghnaswayambhu@Meghnas-MacBook-Pro-2 ~ % ssh -i ~/.ssh/id_rsa ubuntu@172.23.79.102                                                         
Welcome to Ubuntu 22.04.5 LTS (GNU/Linux 5.15.0-107-generic x86_64)

 * Documentation:  https://help.ubuntu.com
 * Management:     https://landscape.canonical.com
 * Support:        https://ubuntu.com/pro

 System information as of Mon Nov 17 14:32:50 UTC 2025

  System load:  0.0                Processes:             342
  Usage of /:   17.5% of 96.73GB   Users logged in:       0
  Memory usage: 0%                 IPv4 address for ens3: 172.23.79.102
  Swap usage:   0%

 * Strictly confined Kubernetes makes edge and IoT secure. Learn how MicroK8s
   just raised the bar for easy, resilient and secure K8s cluster deployment.

   https://ubuntu.com/engage/secure-kubernetes-at-the-edge

Expanded Security Maintenance for Applications is not enabled.

8 updates can be applied immediately.
To see these additional updates run: apt list --upgradable

Enable ESM Apps to receive additional future security updates.
See https://ubuntu.com/esm or run: sudo pro status


*** System restart required ***
Last login: Fri Oct 17 13:09:14 2025 from 10.27.151.4
(base) ubuntu@forensicdb:~$ htop
(base) ubuntu@forensicdb:~$ ls
miniconda3
(base) ubuntu@forensicdb:~$ cd /mnt
(base) ubuntu@forensicdb:/mnt$ ls
Meghna  Miniconda3-latest-Linux-x86_64.sh  lost+found
(base) ubuntu@forensicdb:/mnt$ cd Meghna/
(base) ubuntu@forensicdb:/mnt/Meghna$ ls
Meghna_forensicDB
(base) ubuntu@forensicdb:/mnt/Meghna$ cd Meghna_forensicDB/
(base) ubuntu@forensicdb:/mnt/Meghna/Meghna_forensicDB$ ls
efetch_tests  parallel.config  qiime2_fondue_persite
nf-drucken    q2-extracted     qiime2_fondue_persite_loop
(base) ubuntu@forensicdb:/mnt/Meghna/Meghna_forensicDB$ cd qiime2_fondue_persite
(base) ubuntu@forensicdb:/mnt/Meghna/Meghna_forensicDB/qiime2_fondue_persite$ ls
failed_IDs_human_amplicon_oral.qza  ids_human_amplicon_nasal.qza
human_amplicon_menstrual2           ids_human_amplicon_oral.qza
human_amplicon_nasal                ids_human_amplicon_semen.qza
human_amplicon_oral                 ids_human_amplicon_skin.qza
human_amplicon_skin                 ids_human_amplicon_urine.qza
human_amplicon_vaginal              ids_human_amplicon_vaginal.qza
human_semen_metadata                ids_human_semen.qza
ids_human_amplicon_fecal.qza        metadata
ids_human_amplicon_menstrual.qza    output_metadata_human_amplicon_oral.qza
ids_human_amplicon_menstrual2.qza   runinfo
(base) ubuntu@forensicdb:/mnt/Meghna/Meghna_forensicDB/qiime2_fondue_persite$ tmux ls
error connecting to /tmp/tmux-1000/default (No such file or directory)
(base) ubuntu@forensicdb:/mnt/Meghna/Meghna_forensicDB/qiime2_fondue_persite$ tmux -ls
tmux: unknown option -- s
usage: tmux [-2CDlNuvV] [-c shell-command] [-f file] [-L socket-name]
            [-S socket-path] [-T features] [command [flags]]
(base) ubuntu@forensicdb:/mnt/Meghna/Meghna_forensicDB/qiime2_fondue_persite$ tmux -s ls
tmux: unknown option -- s
usage: tmux [-2CDlNuvV] [-c shell-command] [-f file] [-L socket-name]
(base) ubuntu@forensicdb:/mnt/Meghna/Meghna_forensicDB/qiime2_fondue_persite$ conda --envs
usage: conda [-h] [-v] [--no-plugins] [-V] COMMAND ...
conda: error: the following arguments are required: COMMAND
(base) ubuntu@forensicdb:/mnt/Meghna/Meghna_forensicDB/qiime2_fondue_persite$ conda -envs
usage: conda [-h] [-v] [--no-plugins] [-V] COMMAND ...
conda: error: the following arguments are required: COMMAND
(base) ubuntu@forensicdb:/mnt/Meghna/Meghna_forensicDB/qiime2_fondue_persite$ conda -env
usage: conda [-h] [-v] [--no-plugins] [-V] COMMAND ...
conda: error: the following arguments are required: COMMAND
(base) ubuntu@forensicdb:/mnt/Meghna/Meghna_forensicDB/qiime2_fondue_persite$ conda -envs
usage: conda [-h] [-v] [--no-plugins] [-V] COMMAND ...
conda: error: the following arguments are required: COMMAND
(base) ubuntu@forensicdb:/mnt/Meghna/Meghna_forensicDB/qiime2_fondue_persite$ conda info --enva
usage: conda [-h] [-v] [--no-plugins] [-V] COMMAND ...
conda: error: unrecognized arguments: --enva
(base) ubuntu@forensicdb:/mnt/Meghna/Meghna_forensicDB/qiime2_fondue_persite$ conda info --envs
Unexpected error writing token file:
  path: /home/ubuntu/.conda/aau_token_host
  exception: write() argument must be str, not None

# conda environments:
#
# *  -> active
# + -> frozen
base                 *   /home/ubuntu/miniconda3
qiime2-amplicon-2024.10     /home/ubuntu/miniconda3/envs/qiime2-amplicon-2024.10
qiime2-amplicon-2025.7     /home/ubuntu/miniconda3/envs/qiime2-amplicon-2025.7

(base) ubuntu@forensicdb:/mnt/Meghna/Meghna_forensicDB/qiime2_fondue_persite$ conda activate qiime2-amplicon-2024.10
(qiime2-amplicon-2024.10) ubuntu@forensicdb:/mnt/Meghna/Meghna_forensicDB/qiime2_fondue_persite$ tmux new -s qiime
[detached (from session qiime)]
(qiime2-amplicon-2024.10) ubuntu@forensicdb:/mnt/Meghna/Meghna_forensicDB/qiime2_fondue_persite$ tmux new -s qiime
duplicate session: qiime
(qiime2-amplicon-2024.10) ubuntu@forensicdb:/mnt/Meghna/Meghna_forensicDB/qiime2_fondue_persite$ tmux attach -s qiime
tmux: unknown option -- s
usage: attach-session [-dErx] [-c working-directory] [-f flags] [-t target-session]
(qiime2-amplicon-2024.10) ubuntu@forensicdb:/mnt/Meghna/Meghna_forensicDB/qiime2_fondue_persite$ tmux attach -t qiime
[detached (from session qiime)]
(qiime2-amplicon-2024.10) ubuntu@forensicdb:/mnt/Meghna/Meghna_forensicDB/qiime2_fondue_persite$ htop
(qiime2-amplicon-2024.10) ubuntu@forensicdb:/mnt/Meghna/Meghna_forensicDB/qiime2_fondue_persite$ mkdir organised_by_Bioproj
(qiime2-amplicon-2024.10) ubuntu@forensicdb:/mnt/Meghna/Meghna_forensicDB/qiime2_fondue_persite$ tmux attach -t qiime
[detached (from session qiime)]
(qiime2-amplicon-2024.10) ubuntu@forensicdb:/mnt/Meghna/Meghna_forensicDB/qiime2_fondue_persite$ ls
failed_IDs_human_amplicon_oral.qza  human_amplicon_oral     ids_human_amplicon_fecal.qza       ids_human_amplicon_oral.qza   ids_human_amplicon_vaginal.qza  output_metadata_human_amplicon_oral.qza
fondue_get-metadata_fecal.log       human_amplicon_skin     ids_human_amplicon_menstrual.qza   ids_human_amplicon_semen.qza  ids_human_semen.qza             runinfo
human_amplicon_menstrual2           human_amplicon_vaginal  ids_human_amplicon_menstrual2.qza  ids_human_amplicon_skin.qza   metadata
human_amplicon_nasal                human_semen_metadata    ids_human_amplicon_nasal.qza       ids_human_amplicon_urine.qza  organised_by_Bioproj
(qiime2-amplicon-2024.10) ubuntu@forensicdb:/mnt/Meghna/Meghna_forensicDB/qiime2_fondue_persite$ qiime fondue get-metadata \
--i-accession-ids ids_human_amplicon_fecal.qza \
--p-n-jobs 24 \
--p-email meghnasw.96@gmail.com \
--output-dir human_fecal_metadata \
--verbose 2>&1 \   
| tee fondue_get-metadata_fecal.log
Usage: qiime fondue get-metadata [OPTIONS]

  Fetch sequence-related metadata based on run, study, BioProject, experiment
  or sample ID using Entrez. All metadata will be collapsed into one table.

Inputs:
  --i-accession-ids ARTIFACT NCBIAccessionIDs | SRAMetadata | SRAFailedIDs
                         Artifact containing run, study, BioProject,
                         experiment or sample IDs for which the metadata
                         and/or sequences should be fetched. Associated DOI
                         names can be providedin an optional column and are
                         preserved in get-alland get-metadata actions.
                                                                    [required]
  --i-linked-doi ARTIFACT
    NCBIAccessionIDs     Optional table containing linked DOI names that is
                         only used if accession-ids does not contain any DOI
                         names.                                     [optional]
Parameters:
  --p-email TEXT         Your e-mail address (required by NCBI).    [required]
  --p-n-jobs INTEGER     Number of concurrent download jobs.
    Range(1, None)                                                [default: 1]
  --p-log-level TEXT Choices('DEBUG', 'INFO', 'WARNING', 'ERROR')
                         Logging level.                      [default: 'INFO']
Outputs:
  --o-metadata ARTIFACT  Table containing metadata for all the requested IDs.
    SRAMetadata                                                     [required]
  --o-failed-runs ARTIFACT
    SRAFailedIDs         List of all run IDs for which fetching metadata
                         failed, with their corresponding error messages.
                                                                    [required]
Miscellaneous:
  --output-dir PATH      Output unspecified results to a directory
  --verbose / --quiet    Display verbose output to stdout and/or stderr
                         during execution of this action. Or silence output if
                         execution is successful (silence is golden).
  --example-data PATH    Write example data and exit.
  --citations            Show citations and exit.
  --use-cache DIRECTORY  Specify the cache to be used for the intermediate
                         work of this action. If not provided, the default
                         cache under $TMP/qiime2/<uname> will be used.
                         IMPORTANT FOR HPC USERS: If you are on an HPC system
                         and are using parallel execution it is important to
                         set this to a location that is globally accessible to
                         all nodes in the cluster.
  --help                 Show this message and exit.

                    There was a problem with the command:                     
 (1/1) Got unexpected extra argument ( )
-bash: syntax error near unexpected token `|'
(qiime2-amplicon-2024.10) ubuntu@forensicdb:/mnt/Meghna/Meghna_forensicDB/qiime2_fondue_persite$ qiime fondue get-metadata \
--i-accession-ids ids_human_amplicon_fecal.qza \
--p-n-jobs 24 \
--p-email meghnasw.96@gmail.com \
--output-dir human_fecal_metadata \
--verbose 2>&1 \
        | tee fondue_get-metadata_fecal.log
2025-11-17 15:07:35,354 [MainThread] [INFO] [entrezpy.esearch.esearcher.Esearcher]: {"query": "AuI79nasS-OTUc6TWnhx_g==", "status": "OK"}
2025-11-17 15:07:35,991 [MainThread] [INFO] [q2_fondue.metadata]: Fetching metadata for 1884 run IDs.
/home/ubuntu/miniconda3/envs/qiime2-amplicon-2024.10/lib/python3.10/site-packages/q2_fondue/entrezpy_clients/_efetch.py:69: FutureWarning: DataFrame.groupby with axis=1 is deprecated. Do `frame.T.groupby(...)` without axis instead.
  df = df.groupby(level=0, axis=1).first()
Traceback (most recent call last):
  File "/home/ubuntu/miniconda3/envs/qiime2-amplicon-2024.10/lib/python3.10/site-packages/qiime2/plugin/model/file_format.py", line 26, in validate
    self._validate_(level)
  File "/home/ubuntu/miniconda3/envs/qiime2-amplicon-2024.10/lib/python3.10/site-packages/q2_fondue/types/_format.py", line 51, in _validate_
    self._validate()
  File "/home/ubuntu/miniconda3/envs/qiime2-amplicon-2024.10/lib/python3.10/site-packages/q2_fondue/types/_format.py", line 45, in _validate
    raise ValidationError(
qiime2.core.exceptions.ValidationError: Some samples are missing IDs in the following fields: Bioproject ID.

The above exception was the direct cause of the following exception:

Traceback (most recent call last):
  File "/home/ubuntu/miniconda3/envs/qiime2-amplicon-2024.10/lib/python3.10/site-packages/q2cli/commands.py", line 530, in __call__
    results = self._execute_action(
  File "/home/ubuntu/miniconda3/envs/qiime2-amplicon-2024.10/lib/python3.10/site-packages/q2cli/commands.py", line 602, in _execute_action
    results = action(**arguments)
  File "<decorator-gen-431>", line 2, in get_metadata
  File "/home/ubuntu/miniconda3/envs/qiime2-amplicon-2024.10/lib/python3.10/site-packages/qiime2/sdk/action.py", line 299, in bound_callable
    outputs = self._callable_executor_(
  File "/home/ubuntu/miniconda3/envs/qiime2-amplicon-2024.10/lib/python3.10/site-packages/qiime2/sdk/action.py", line 587, in _callable_executor_
    self.signature.coerce_given_outputs(output_views, output_types,
  File "/home/ubuntu/miniconda3/envs/qiime2-amplicon-2024.10/lib/python3.10/site-packages/qiime2/core/type/signature.py", line 498, in coerce_given_outputs
    output = self._create_output_artifact(
  File "/home/ubuntu/miniconda3/envs/qiime2-amplicon-2024.10/lib/python3.10/site-packages/qiime2/core/type/signature.py", line 520, in _create_output_artifact
    artifact = qiime2.sdk.Artifact._from_view(
  File "/home/ubuntu/miniconda3/envs/qiime2-amplicon-2024.10/lib/python3.10/site-packages/qiime2/sdk/result.py", line 374, in _from_view
    result = transformation(view, validate_level)
  File "/home/ubuntu/miniconda3/envs/qiime2-amplicon-2024.10/lib/python3.10/site-packages/qiime2/core/transform.py", line 70, in transformation
    new_view = transformer(view)
  File "/home/ubuntu/miniconda3/envs/qiime2-amplicon-2024.10/lib/python3.10/site-packages/qiime2/core/transform.py", line 224, in wrapped
    new_view.file.write_data(file_view, self._wrapped_view_type)
  File "/home/ubuntu/miniconda3/envs/qiime2-amplicon-2024.10/lib/python3.10/site-packages/qiime2/plugin/model/directory_format.py", line 92, in write_data
    result = transformation(view)
  File "/home/ubuntu/miniconda3/envs/qiime2-amplicon-2024.10/lib/python3.10/site-packages/qiime2/core/transform.py", line 68, in transformation
    self.validate(view, level=validate_level)
  File "/home/ubuntu/miniconda3/envs/qiime2-amplicon-2024.10/lib/python3.10/site-packages/qiime2/core/transform.py", line 143, in validate
    view.validate(level)
  File "/home/ubuntu/miniconda3/envs/qiime2-amplicon-2024.10/lib/python3.10/site-packages/qiime2/plugin/model/file_format.py", line 28, in validate
    raise ValidationError(
qiime2.core.exceptions.ValidationError: /tmp/qiime2/ubuntu/processes/135235-1763392044.93@ubuntu/tmp/q2-OutPath-dpe_h1kq is not a(n) SRAMetadataFormat file:

Some samples are missing IDs in the following fields: Bioproject ID.

Plugin error from fondue:

  /tmp/qiime2/ubuntu/processes/135235-1763392044.93@ubuntu/tmp/q2-OutPath-dpe_h1kq is not a(n) SRAMetadataFormat file:

  Some samples are missing IDs in the following fields: Bioproject ID.

See above for debug info.
(qiime2-amplicon-2024.10) ubuntu@forensicdb:/mnt/Meghna/Meghna_forensicDB/qiime2_fondue_persite$ tmux attach -t qiime
[detached (from session qiime)]
(qiime2-amplicon-2024.10) ubuntu@forensicdb:/mnt/Meghna/Meghna_forensicDB/qiime2_fondue_persite$ ls
failed_IDs_human_amplicon_oral.qza  human_amplicon_oral     ids_human_amplicon_fecal.qza       ids_human_amplicon_oral.qza   ids_human_amplicon_vaginal.qza  output_metadata_human_amplicon_oral.qza
fondue_get-metadata_fecal.log       human_amplicon_skin     ids_human_amplicon_menstrual.qza   ids_human_amplicon_semen.qza  ids_human_semen.qza             runinfo
human_amplicon_menstrual2           human_amplicon_vaginal  ids_human_amplicon_menstrual2.qza  ids_human_amplicon_skin.qza   metadata
human_amplicon_nasal                human_semen_metadata    ids_human_amplicon_nasal.qza       ids_human_amplicon_urine.qza  organised_by_Bioproj
(qiime2-amplicon-2024.10) ubuntu@forensicdb:/mnt/Meghna/Meghna_forensicDB/qiime2_fondue_persite$ tmux attach -t qiime
[detached (from session qiime)]
(qiime2-amplicon-2024.10) ubuntu@forensicdb:/mnt/Meghna/Meghna_forensicDB/qiime2_fondue_persite$ cd organised_by_Bioproj/
(qiime2-amplicon-2024.10) ubuntu@forensicdb:/mnt/Meghna/Meghna_forensicDB/qiime2_fondue_persite/organised_by_Bioproj$ ls
All_bioProj.txt  PRJEB49588.qza  fondue_get-metadata_PRJEB49588.log
(qiime2-amplicon-2024.10) ubuntu@forensicdb:/mnt/Meghna/Meghna_forensicDB/qiime2_fondue_persite/organised_by_Bioproj$ tmux attach -t qiime
[detached (from session qiime)]
(qiime2-amplicon-2024.10) ubuntu@forensicdb:/mnt/Meghna/Meghna_forensicDB/qiime2_fondue_persite/organised_by_Bioproj$ tmux attach -t qiime
[detached (from session qiime)]
(qiime2-amplicon-2024.10) ubuntu@forensicdb:/mnt/Meghna/Meghna_forensicDB/qiime2_fondue_persite/organised_by_Bioproj$ exit
logout
Connection to 172.23.79.102 closed.
(base) meghnaswayambhu@Meghnas-MacBook-Pro-2 ~ % ssh -i ~/.ssh/id_rsa ubuntu@172.23.79.102
Welcome to Ubuntu 22.04.5 LTS (GNU/Linux 5.15.0-107-generic x86_64)

 * Documentation:  https://help.ubuntu.com
 * Management:     https://landscape.canonical.com
 * Support:        https://ubuntu.com/pro

 System information as of Mon Nov 17 21:01:10 UTC 2025

  System load:  0.0                Processes:             342
  Usage of /:   17.5% of 96.73GB   Users logged in:       1
  Memory usage: 1%                 IPv4 address for ens3: 172.23.79.102
  Swap usage:   0%

 * Strictly confined Kubernetes makes edge and IoT secure. Learn how MicroK8s
   just raised the bar for easy, resilient and secure K8s cluster deployment.

   https://ubuntu.com/engage/secure-kubernetes-at-the-edge

Expanded Security Maintenance for Applications is not enabled.

8 updates can be applied immediately.
To see these additional updates run: apt list --upgradable

Enable ESM Apps to receive additional future security updates.
See https://ubuntu.com/esm or run: sudo pro status

New release '24.04.3 LTS' available.
Run 'do-release-upgrade' to upgrade to it.


*** System restart required ***
Last login: Mon Nov 17 14:32:51 2025 from 10.27.157.114
(base) ubuntu@forensicdb:~$ tmux attach -t qiime
[detached (from session qiime)]
(base) ubuntu@forensicdb:~$ tmux attach -t qiime
[detached (from session qiime)]
(base) ubuntu@forensicdb:~$ conda info --envs
Unexpected error writing token file:
  path: /home/ubuntu/.conda/aau_token_host
  exception: write() argument must be str, not None

# conda environments:
#
# *  -> active
# + -> frozen
base                 *   /home/ubuntu/miniconda3
qiime2-amplicon-2024.10     /home/ubuntu/miniconda3/envs/qiime2-amplicon-2024.10
qiime2-amplicon-2025.7     /home/ubuntu/miniconda3/envs/qiime2-amplicon-2025.7

(base) ubuntu@forensicdb:~$ conda activate fondue

EnvironmentNameNotFound: Could not find conda environment: fondue
You can list all discoverable environments with `conda info --envs`.


(base) ubuntu@forensicdb:~$ conda activate qiime2-amplicon-2024.10
(qiime2-amplicon-2024.10) ubuntu@forensicdb:~$ tmux attach -t qiime
[detached (from session qiime)]
(qiime2-amplicon-2024.10) ubuntu@forensicdb:~$ qiime fondue
Usage: qiime fondue [OPTIONS] COMMAND [ARGS]...

  Description: This is a QIIME 2 plugin for fetching raw sequencing data
  andits associated metadata from data archives like SRA.

  Plugin website: https://github.com/bokulich-lab/q2-fondue

  Getting user support: Please post to the QIIME 2 forum for help with this
  plugin: https://forum.qiime2.org

Options:
  --version            Show the version and exit.
  --example-data PATH  Write example data and exit.
  --citations          Show citations and exit.
  --help               Show this message and exit.

Commands:
  combine-seqs        Combine sequences from multiple artifacts.
  get-all             Fetch sequence-related metadata and sequences of all
                      run, study, BioProject, experiment or sample IDs.
  get-ids-from-query  Find SRA run accession IDs based on a search query.
  get-metadata        Fetch sequence-related metadata based on run, study,
                      BioProject, experiment or sample ID.
  get-sequences       Fetch sequences based on run ID.
  merge-metadata      Merge several metadata files into a single metadata
                      object.
  scrape-collection   Scrape Zotero collection for run, study, BioProject,
                      experiment and sample IDs, and associated DOI names.
(qiime2-amplicon-2024.10) ubuntu@forensicdb:~$ qiime fondue --help
Usage: qiime fondue [OPTIONS] COMMAND [ARGS]...

  Description: This is a QIIME 2 plugin for fetching raw sequencing data
  andits associated metadata from data archives like SRA.

  Plugin website: https://github.com/bokulich-lab/q2-fondue

  Getting user support: Please post to the QIIME 2 forum for help with this
  plugin: https://forum.qiime2.org

Options:
  --version            Show the version and exit.
  --example-data PATH  Write example data and exit.
  --citations          Show citations and exit.
  --help               Show this message and exit.

Commands:
  combine-seqs        Combine sequences from multiple artifacts.
  get-all             Fetch sequence-related metadata and sequences of all
                      run, study, BioProject, experiment or sample IDs.
  get-ids-from-query  Find SRA run accession IDs based on a search query.
  get-metadata        Fetch sequence-related metadata based on run, study,
                      BioProject, experiment or sample ID.
  get-sequences       Fetch sequences based on run ID.
  merge-metadata      Merge several metadata files into a single metadata
                      object.
  scrape-collection   Scrape Zotero collection for run, study, BioProject,
                      experiment and sample IDs, and associated DOI names.
(qiime2-amplicon-2024.10) ubuntu@forensicdb:~$ tmux attach -t qiime
[detached (from session qiime)]
(qiime2-amplicon-2024.10) ubuntu@forensicdb:~$ conda activate fondue

EnvironmentNameNotFound: Could not find conda environment: fondue
You can list all discoverable environments with `conda info --envs`.


(qiime2-amplicon-2024.10) ubuntu@forensicdb:~$ exit
logout
Connection to 172.23.79.102 closed.
(base) meghnaswayambhu@Meghnas-MacBook-Pro-2 ~ % 
  [Restored 20 Nov 2025 at 15:15:50]
Last login: Thu Nov 20 15:15:50 on ttys000
Restored session: Thu Nov 20 14:49:17 CET 2025
(base) meghnaswayambhu@Meghnas-MacBook-Pro-2 ~ % ssh -i ~/.ssh/id_rsa ubuntu@172.23.79.102
Welcome to Ubuntu 22.04.5 LTS (GNU/Linux 5.15.0-107-generic x86_64)

 * Documentation:  https://help.ubuntu.com
 * Management:     https://landscape.canonical.com
 * Support:        https://ubuntu.com/pro

 System information as of Thu Nov 20 14:17:57 UTC 2025

  System load:  0.0                Processes:             344
  Usage of /:   17.5% of 96.73GB   Users logged in:       1
  Memory usage: 1%                 IPv4 address for ens3: 172.23.79.102
  Swap usage:   0%


Expanded Security Maintenance for Applications is not enabled.

8 updates can be applied immediately.
To see these additional updates run: apt list --upgradable

Enable ESM Apps to receive additional future security updates.
See https://ubuntu.com/esm or run: sudo pro status


*** System restart required ***
Last login: Mon Nov 17 21:01:11 2025 from 10.27.157.114
(base) ubuntu@forensicdb:~$ tmux attach -t qiime
[detached (from session qiime)]
(base) ubuntu@forensicdb:~$ exit
logout
Connection to 172.23.79.102 closed.
(base) meghnaswayambhu@Meghnas-MacBook-Pro-2 ~ % brew install brewsci/bio/shovill
shovill --check
==> Auto-updating Homebrew...
Adjust how often this is run with `$HOMEBREW_AUTO_UPDATE_SECS` or disable with
`$HOMEBREW_NO_AUTO_UPDATE=1`. Hide these hints with `$HOMEBREW_NO_ENV_HINTS=1` (see `man brew`).
==> Downloading https://ghcr.io/v2/homebrew/core/portable-ruby/blobs/sha256:b48c918b7693c6d27e8027dc803a18cf64ddce49552fb45d88f3cabb9eead0fd
###################################################################################################################################################################################################################### 100.0%
==> Pouring portable-ruby-3.4.7.catalina.bottle.tar.gz
==> Auto-updated Homebrew!
Updated 4 taps (gromgit/fuse, brewsci/bio, homebrew/core and homebrew/cask).
==> New Formulae
addlicense: Scan directories recursively to ensure source files have license headers
aicommit2: Reactive CLI that generates commit messages for Git and Jujutsu with AI
airtable-mcp-server: MCP Server for Airtable
aklomp-base64: Fast Base64 stream encoder/decoder in C99, with SIMD acceleration
anchor: Solana Program Framework
ansible@12: Automate deployment, configuration, and upgrading
anyzig: Universal zig executable that runs any version of zig
archgw: CLI for Arch Gateway
asm-lsp: Language server for NASM/GAS/GO Assembly
atomic_queue: C++14 lock-free queues
attempt-cli: CLI for retrying fallible commands
audiowaveform: Generate waveform data and render waveform images from audio files
bedtk: Simple toolset for BED files
bom: Utility to generate SPDX-compliant Bill of Materials manifests
brewsci/bio/boost@1.86
brewsci/bio/famsa
brewsci/bio/foldmason
brewsci/bio/psipred
btllib: Bioinformatics Technology Lab common code library
bulletty: Pretty feed reader (ATOM/RSS) that stores articles in Markdown files
bunster: Compile shell scripts to static binaries
caesiumclt: Fast and efficient lossy and/or lossless image compression tool
cagent: Agent Builder and Runtime by Docker Engineering
cai: CLI tool for prompting LLMs
cargo-geiger: Detects usage of unsafe Rust in a Rust crate and its dependencies
changelogen: Generate Beautiful Changelogs using Conventional Commits
chrome-devtools-mcp: Chrome DevTools for coding agents
claude-cmd: Claude Code Commands Manager
claude-code-router: Tool to route Claude Code requests to different models and customize any request
claude-code-templates: CLI tool for configuring and monitoring Claude Code
claude-hooks: Hook system for Claude Code
claudekit: Intelligent guardrails and workflow automation for Claude Code
clippy: Copy files from your terminal that actually paste into GUI apps
cliproxyapi: Wrap Gemini CLI, Codex, Claude Code, Qwen Code as an API service
codebook-lsp: Code-aware spell checker language server
config-file-validator: CLI tool to validate different configuration file types
container: Create and run Linux containers using lightweight virtual machines
container-canary: Test and validate container requirements against versioned manifests
container-compose: Manage Apple Container with Docker Compose files
context7-mcp: Up-to-date code documentation for LLMs and AI code editors
corepack: Package acting as bridge between Node projects and their package managers
cpptrace: Simple, portable, and self-contained stacktrace library for C++11 and newer
ctrld: Highly configurable, multi-protocol DNS forwarding proxy
darker: Apply Black formatting only in regions changed since last commit
dash-mpd-cli: Download media content from a DASH-MPEG or DASH-WebM MPD manifest
dnglab: Camera RAW to DNG file format converter
dnote: Simple command-line notebook
docker-compose-langserver: Language service for Docker Compose documents
docker-debug: Use new container attach on already container go on debug
docmd: Minimal Markdown documentation generator
doge: Command-line DNS client
doh: Stand-alone DNS-over-HTTPS resolver using libcurl
doxx: Terminal document viewer for .docx files
dqlite: Embeddable, replicated and fault-tolerant SQLite-powered engine
dstp: Run common networking tests against your site
eigen@3: C++ template library for linear algebra
emmylua_ls: Lua Language Server
entt: Fast and reliable entity-component system for C++
erlang-language-platform: LSP server and CLI for the Erlang programming language
fake-gcs-server: Emulator for Google Cloud Storage API
fastmcp: Fast, Pythonic way to build MCP servers and clients
fennel-ls: Language Server for Fennel
fernflower: Advanced decompiler for Java bytecode
ffmpeg@7: Play, record, convert, and stream audio and video
filebrowser: Web File Browser
fjira: Fuzzy-find cli jira interface
fnox: Fort Knox for your secrets - flexible secret management tool
forgejo-cli: CLI tool for interacting with Forgejo
framework-tool-tui: TUI for controlling and monitoring Framework Computers hardware
gcl: GNU Common Lisp
getparty: Multi-part HTTP download manager
ggc: Modern Git CLI
ghidra: Multi-platform software reverse engineering framework
gitingest: Turn any Git repository into a prompt-friendly text ingest for LLMs
gitlab-ci-linter: Command-line tool to lint GitLab CI YAML files
gitnr: Create `.gitignore` using templates from TopTal, GitHub or your own collection
gnome-papers: Document viewer for PDF and other document formats aimed at the GNOME desktop
go-librespot: Spotify client
go-passbolt-cli: CLI for passbolt
gocheat: TUI Cheatsheet for keybindings, hotkeys and more
goclone: Website Cloner
gonzo: Log analysis TUI
gotun: Lightweight HTTP proxy over SSH
gphotos-uploader-cli: Command-line tool to mass upload media folders to Google Photos
granted: Easiest way to access your cloud
gruyere: TUI program for viewing and killing processes listening on ports
gtrash: Featureful Trash CLI manager: alternative to rm and trash-cli
gwctl: CLI for managing and inspecting Gateway API resources in Kubernetes clusters
hack-browser-data: Command-line tool for decrypting and exporting browser data
hapless: Run and manage background processes
haraka: Fast, highly extensible, and event driven SMTP server
harbor-cli: CLI for Harbor container registry
helm@3: Kubernetes package manager
hexhog: Hex viewer/editor
hf-mcp-server: MCP Server for Hugging Face
hierarchy-builder: High level commands to declare a hierarchy based on packed classes
httptap: HTTP request visualizer with phase-by-phase timing breakdown
icu4c@78: C/C++ and Java libraries for Unicode and globalization
igrep: Interactive grep
imagineer: Image processing and conversion from the terminal
influxdb@2: Time series, events, and metrics database
intelli-shell: Like IntelliSense, but for shells
jiratui: Textual User Interface for interacting with Atlassian Jira from your shell
jqp: TUI playground to experiment and play with jq
kagent: Kubernetes native framework for building AI agents
kanata-tray: System tray for kanata keyboard remapper
kekkai: File integrity monitoring tool
kibi: Text editor in ≤1024 lines of code, written in Rust
kimi-cli: CLI agent for MoonshotAI Kimi platform
kokkos: C++ Performance Portability Ecosystem for parallel execution and abstraction
komac: Community Manifest Creator for Windows Package Manager (WinGet)
krane: Kubernetes deploy tool with rollout verification
ktea: Kafka TUI client
kubernetes-cli@1.33: Kubernetes command-line interface
kubernetes-mcp-server: MCP server for Kubernetes
lazycontainer: Terminal UI for Apple Containers
lazyssh: Terminal-based SSH manager
libaegis: Portable C implementations of the AEGIS family of encryption algorithms
libcpucycles: Microlibrary for counting CPU cycles
libdatrie: Double-Array Trie Library
libdecor: Client-side decorations library for Wayland client
libjodycode: Shared code used by several utilities written by Jody Bruchon
libpq@17: Postgres C API library
libptytty: Library for OS-independent pseudo-TTY management
libselinux: SELinux library and simple utilities
libsepol: SELinux binary policy manipulation library
libudfread: Universal Disk Format reader
litehtml: Fast and lightweight HTML/CSS rendering engine
lld@20: LLVM Project Linker
llvm@20: Next-gen compiler infrastructure
lue-reader: Terminal eBook reader with text-to-speech and multi-format support
mac-cleanup-py: Python cleanup script for macOS
magika: Fast and accurate AI powered file content types detection
mariadb@11.8: Drop-in replacement for MySQL
mark: Sync your markdown files with Confluence pages
mcat: Terminal image, video, directory, and Markdown viewer
mcp-atlassian: MCP server for Atlassian tools (Confluence, Jira)
mcp-get: CLI for discovering, installing, and managing MCP servers
mcp-google-sheets: MCP server integrates with your Google Drive and Google Sheets
mcp-grafana: MCP server for Grafana
mcp-publisher: Publisher CLI tool for the Official Model Context Protocol (MCP) Registry
mcp-server-chart: MCP with 25+ @antvis charts for visualization, generation, and analysis
mcp-server-kubernetes: MCP Server for kubernetes management commands
mdfried: Terminal markdown viewer
mdserve: Fast markdown preview server with live reload and theme support
melt: Backup and restore Ed25519 SSH keys with seed words
mitama-cpp-result: Provides `result<T, E>` and `maybe<T>` and monadic functions for them
mklittlefs: Creates LittleFS images for ESP8266, ESP32, Pico RP2040, and RP2350
mlx-lm: Run LLMs with MLX
moribito: TUI for LDAP Viewing/Queries
msedit: Simple text editor with clickable interface
mysql-to-sqlite3: Transfer data from MySQL to SQLite
n8n-mcp: MCP for Claude Desktop, Claude Code, Windsurf, Cursor to build n8n workflows
nanoarrow: Helpers for Arrow C Data & Arrow C Stream interfaces
nanobot: Build MCP Agents
netscanner: Network scanner with features like WiFi scanning, packetdump and more
nextflow: Reproducible scientific workflows
ni: Selects the right Node package manager based on lockfiles
nifi-toolkit: Command-line utilities to setup and support NiFi
node@24: Open-source, cross-platform JavaScript runtime environment
notion-mcp-server: MCP Server for Notion
npq: Audit npm packages before you install them
nuxi: Nuxt CLI (nuxi) for creating and managing Nuxt projects
oasis: CLI for interacting with the Oasis Protocol network
oatpp: Light and powerful C++ web framework
omekasy: Converts alphanumeric input to various Unicode styles
omnara: Talk to Your AI Agents from Anywhere
openapi: CLI tools for working with OpenAPI, Arazzo and Overlay specifications
openapv: Open Advanced Professional Video Codec
openblas64: Optimized BLAS library
opencode: AI coding agent, built for the terminal
openlist: New AList fork addressing anti-trust issues
openssl@3.5: Cryptography and SSL/TLS Toolkit
pelican: Static site generator that supports Markdown and reST syntax
permify: Open-source authorization service & policy engine based on Google Zanzibar
pg-schema-diff: Diff Postgres schemas and generating SQL migrations
pgstream: PostgreSQL replication with DDL changes
php-intl: PHP internationalization extension
pipewire: Server and user space API to deal with multimedia pipelines
playwright-mcp: MCP server for Playwright
plutobook: Paged HTML Rendering Library
plutoprint: Generate PDFs and Images from HTML
podcast-archiver: Archive all episodes from your favorite podcasts
portable-libffi: Portable Foreign Function Interface library
portable-libxcrypt: Extended crypt library for descrypt, md5crypt, bcrypt, and others
portable-libyaml: YAML Parser
portable-openssl: Cryptography and SSL/TLS Toolkit
portable-ruby: Powerful, clean, object-oriented scripting language
portable-zlib: General-purpose lossless data-compression library
postgres-language-server: Language Server for Postgres
postgresql@18: Object-relational database system
precice: Coupling library for partitioned multi-physics simulations
privatebin-cli: CLI for creating and managing PrivateBin pastes
protozero: Minimalist protocol buffer decoder and encoder in C++
pyscn: Intelligent Python Code Quality Analyzer
python-gdbm@3.14: Python interface to gdbm
python-tk@3.14: Python interface to Tcl/Tk
python@3.14: Interpreted, interactive, object-oriented programming language
q: Tiny command-line DNS client with support for UDP, TCP, DoT, DoH, DoQ and ODoH
qcoro6: C++ Coroutines for Qt
qman: Modern man page viewer
qt3d: Provides functionality for near-realtime simulation systems
qt5compat: Qt 5 Core APIs that were removed in Qt 6
qtbase: Cross-platform application and UI framework
qtcharts: UI Components for displaying visually pleasing charts
qtconnectivity: Provides access to Bluetooth hardware
qtdatavis3d: Provides functionality for 3D visualization
qtdeclarative: QML, Qt Quick and several related modules
qtgraphs: Provides functionality for 2D and 3D graphs
qtgrpc: Provides support for communicating with gRPC services
qthttpserver: Framework for embedding an HTTP server into a Qt application
qtimageformats: Plugins for additional image formats: TIFF, MNG, TGA, WBMP
qtlanguageserver: Implementation of the Language Server Protocol and JSON-RPC
qtlocation: Provides C++ interfaces to retrieve location and navigational information
qtlottie: Display graphics and animations exported by the Bodymovin plugin
qtmultimedia: Provides APIs for playing back and recording audiovisual content
qtnetworkauth: Provides support for OAuth-based authorization to online services
qtpositioning: Provides access to position, satellite info and area monitoring classes
qtquick3d: Provides a high-level API for creating 3D content or UIs based on Qt Quick
qtquick3dphysics: High-level QML module adding physical simulation capabilities to Qt Quick 3D
qtquickeffectmaker: Tool to create custom Qt Quick shader effects
qtquicktimeline: Enables keyframe-based animations and parameterization
qtremoteobjects: Provides APIs for inter-process communication
qtscxml: Provides functionality to create state machines from SCXML files
qtsensors: Provides access to sensors via QML and C++ interfaces
qtserialbus: Provides access to serial industrial bus interfaces
qtserialport: Provides classes to interact with hardware and virtual serial ports
qtshadertools: Provides tools for the cross-platform Qt shader pipeline
qtspeech: Enables access to text-to-speech engines
qtsvg: Classes for displaying the contents of SVG files
qttools: Facilitate the design, development, testing and deployment of applications
qttranslations: Qt translation catalogs
qtvirtualkeyboard: Provides an input framework and reference keyboard frontend
qtwayland: Wayland platform plugin and QtWaylandCompositor API
qtwebchannel: Bridges the gap between Qt applications and HTML/JavaScript
qtwebengine: Provides functionality for rendering regions of dynamic web content
qtwebsockets: Provides WebSocket communication compliant with RFC 6455
qtwebview: Displays web content in a QML application
quadcastrgb: Set RGB lights on HyperX QuadCast S and Duocast microphones
quint: Core tool for the Quint specification language
qwen-code: AI-powered command-line workflow tool for developers
radvd: IPv6 Router Advertisement Daemon
rails-mcp-server: MCP server for Rails applications
recur: Retry a command with exponential backoff and jitter
reddix: Reddit, refined for the terminal
redis@8.2: Persistent key-value database, with built-in net interface
resterm: Terminal client for .http/.rest files with HTTP, GraphQL, and gRPC support
rmpc: Terminal based Media Player Client with album art support
rocq-elpi: Elpi extension language for Rocq
rolesanywhere-credential-helper: Manages getting temporary security credentials from IAM Roles Anywhere
rumdl: Markdown Linter and Formatter written in Rust
rv: Ruby version manager
salesforce-mcp: MCP Server for interacting with Salesforce instances
sarif-tools: Set of command-line tools and Python library for working with SARIF files
seqan3: Modern C++ library for sequence analysis
shimmy: Small local inference server with OpenAI-compatible GGUF endpoints
shortest: AI-powered natural language end-to-end testing framework
slack-mcp-server: Powerful MCP Slack Server with multiple transports and smart history fetch logic
snooze: Run a command at a particular time
specify: Toolkit to help you get started with Spec-Driven Development
spiffe-helper: Tool that can be used to retrieve and manage SVIDs on behalf of a workload
sqlite3-to-mysql: Transfer data from SQLite to MySQL
standardebooks: Tools for producing ebook files
supabase: Open source Firebase alternative
supabase-mcp-server: MCP Server for Supabase
swag: Automatically generate RESTful API documentation with Swagger 2.0 for Go
taskline: Tasks, boards & notes for the command-line habitat
taze: Modern cli tool that keeps your deps fresh
tdd-guard: Automated TDD enforcement for Claude Code
teamtype: Peer-to-peer, editor-agnostic collaborative editing of local text files
termsvg: Record, share and export your terminal as a animated SVG image
terraform-mcp-server: MCP server for Terraform
terratag: CLI to automate tagging for AWS, Azure & GCP resources in Terraform
tfplugingen-openapi: OpenAPI to Terraform Provider Code Generation Specification
tfstate-lookup: Lookup resource attributes in tfstate
tiny-remapper: Tiny, efficient tool for remapping JAR files using "Tiny"-format mappings
tkrzw: Set of implementations of DBM
tombi: TOML formatter, linter and language server
torrra: Find and download torrents without leaving your CLI
tracetest: Build integration and end-to-end tests
ts_query_ls: LSP implementation for Tree-sitter's query files
tscriptify: Golang struct to TypeScript class/interface converter
tuios: Terminal UI OS (Terminal Multiplexer)
tweakcc: Customize your Claude Code themes, thinking verbs, and more
two-ms: Detect secrets in files and communication platforms
typtea: Minimal terminal-based typing speed tester
vgo: Project scaffolder for Go, written in Go
vibe-log-cli: CLI tool for analyzing Claude Code sessions
vibecheck: AI-powered git commit assistant written in Go
volcano-cli: CLI for Volcano, Cloud Native Batch System
vtcode: CLI Semantic Coding Agent
wal-g: Archival restoration tool for databases
wassette: Security-oriented runtime that runs WebAssembly Components via MCP
wishlist: Single entrypoint for multiple SSH endpoints
wuppiefuzz: Coverage-guided REST API fuzzer developed on top of LibAFL
xcp: Fast & lightweight command-line tool for managing Xcode projects, built in Swift
yamlresume: Resumes as code in YAML
yuque-dl: Knowledge base downloader for Yuque
zig@0.14: Programming language designed for robustness, optimality, and clarity
zsv: Tabular data swiss-army knife CLI
zuban: Python language server and type checker, written in Rust
==> New Casks
4k-image-compressor: Image compressor
4k-tokkit: Download TikTok videos and accounts
affinity: Image editing and design software
aionui: GUI for Gemini CLI
alfred@prerelease: Application launcher and productivity software
antigravity: AI Coding Agent IDE
ape: Software for DNA sequence analysis and annotation
archi: Open-source ArchiMate modelling toolkit
astro-editor: Markdown editor for Astro content collections
atuin-desktop: Runbook editor for terminal workflows
backdrop: Live wallpaper app
bitfocus-buttons: Unified control and monitoring software
browseros: Open-source agentic browser
butterkit: App Store screenshots editor
cadreader: CAD drawing viewer
chatglm: Desktop client for the ChatGLM AI chatbot
chatgpt-atlas: OpenAI's official browser with ChatGPT built in
chitubox: 3D printing slicer software
clariti: Focus and relaxation soundscapes
cmd: AI assistant for development in Xcode
coderabbit: AI code review CLI
codex: OpenAI's coding agent that runs in your terminal
corretto@25: OpenJDK distribution from Amazon
daruma: Track your goals using the Daruma Method
dayflow: Generate a timeline of your day, automatically
defguard-client: WireGuard VPN client which supports multi-factor authentication
devknife: Collection of handy developer tools
digicheck-ng: Audio analysis software
disk-jockey: Disk image creator and analyser for retro computers or emulators
diskspace: Show available disk space on APFS volumes
djstudio@next: DAW for DJs
dockflow: Manage Dock presets and switch between them instantly
dotnet-sdk@9: Developer platform
drawpen: Screen annotation tool
droid: AI-powered software engineering agent by Factory
emdash: UI for running multiple coding agents in parallel
epicenter-whispering: Audio transcription that works with local and cloud models
epson-print-layout: Software to layout and print images with Epson printers
exelearning: Authoring tool to create educational resources
fastmail: Email client
fido2-manage: Manage FIDO2.1 security keys
filefaker: Tool for generating fake files
filo: AI-powered email client designed for Gmail
folder-preview-pro: Quick Look extension for folders
font-alan-sans
font-bbh-sans-bartle
font-bbh-sans-bogle
font-bbh-sans-hegarty
font-bitcount-grid-double-ink
font-bitcount-grid-single-ink
font-bitcount-ink
font-bitcount-prop-double-ink
font-elms-sans
font-kedebideri
font-momo-signature
font-momo-trust-display
font-momo-trust-sans
font-monaspace-frozen
font-monaspace-nf
font-monaspace-var
font-myna
font-psudofont-liga-mono
font-science-gothic
font-source-han-sans-vf
font-source-han-serif-vf
font-stack-sans-headline
font-stack-sans-notch
font-stack-sans-text
font-suit
font-suse-mono
font-urw-core35
font-wenjin-mincho: 可免费商用的大字符集宋体字库
font-with-a-syntax-highlighter
frame0: Wireframing tool
freepdf: Reader that supports translating PDF documents
freetex: Free intelligent formula recognition software
gams: General Algebraic Modeling System
glide-browser: Extensible, firefox-based web browser
graalvm-jdk@25: GraalVM from Oracle
handy: Speech to text application
helium-browser: Chromium-based web browser
hotovo-aider-desk: Desktop GUI for Aider AI pair programming
iaito: GUI for radare2
itermbrowserplugin: Enables an integrated web browser in iTerm2
karing: Proxy utility
kimi: AI chat assistant from Moonshot
kontur-talk: Video conferencing service
labymod: Launcher for LabyMod (Minecraft client)
laserpecker-design-space: Laser engraving and cutting software
launchie: Launchpad replacement
launchos: Launchpad alternative
lexicon-dj: Library management for professional DJs
lidanglesensor: Utility to display the lid angle and play a creaking sound
liquibase-community: Library for database change tracking
liquibase-secure: Database change management tool
livebook@nightly: Code notebooks for Elixir developers
llamabarn: Menu bar app for running local LLMs
macpacker: Archive manager
mcloud: China Mobile Cloud Drive
meituxiuxiu: Photo editing and beautification software
microsoft-openjdk@25: OpenJDK distribution from Microsoft
nkoda: Digital sheet music app
nook: Minimal browser with a sidebar-first design
okta-verify: Identity verification provider
onyx@beta: Verify system files structure, run miscellaneous maintenance and more
openforis-collect: Data management for field-based inventories
openlist-app: Desktop application for OpenList
oracle-jdk-javadoc@25: Documentation for the Oracle JDK
oracle-jdk@25: JDK from Oracle
orcasheets: Local-first data analytics
orcaslicer@nightly: G-code generator for 3D printers
osaurus: LLM server built on MLX
overview: Create live window previews for any application
pally: AI Relationship Management
parallels@20: Desktop virtualization software
paste: Limitless clipboard
petrichor: Offline Music Player
pikpak: Client for PikPak cloud storage service
pimosa: Photo, video, music and pdf editing tools
pot: Software for text translation and recognition
proxygen-app: HTTP proxy tool
pxplay: Third-party Remote Play client for PlayStation consoles
qianwen: AI assistant and chatbot powered by Alibaba's Qwen model
qidistudio: Slicer software for QIDI 3D printers
qqnews: Tencent News client
rclone-ui: GUI for Rclone
rewritebar: AI-powered writing assistant
rnote: Sketch and take handwritten notes
sculptor: GUI for Claude Code
semeru-jdk-open@25: Production-ready JDK with the OpenJDK class libraries and the Eclipse OpenJ9 JVM
shell360: Cross-platform SSH & SFTP client
simplysign: Emulates a physical crypto card/reader for proCertum SmartSign
socialstream: Consolidate, control, and customise live social messaging streams
sodamusic: Music app
stravu-crystal: Run multiple Claude Code instances simultaneously using git worktrees
strawberry: AI-powered web browser
supportcompanion: Provides utility and support tools
taobao: Online Shopping Client
temurin@25: JDK from the Eclipse Foundation (Adoptium)
topaz-gigapixel: AI image upscaler
topaz-photo: AI image enhancer
topaz-video: Video upscaler and quality enhancer
unifi-identity-endpoint: License free Wi-Fi, VPN, and Access Application for Organizations
vrampro: Control VRAM allocation of unified memory
white-rabbit: SVG utility and optimiser
whodb: Database management tool with AI-powered features
wootility: Configuration software for Wooting keyboards
zulu@25: OpenJDK distribution from Azul

You have 55 outdated formulae and 2 outdated casks installed.

Warning: No available formula or cask with the name "brewsci/bio/shovill". Did you mean brewsci/bio/slim, brewsci/bio/dsh-bio, brewsci/bio/jmol, brewsci/bio/rails, brewsci/bio/swipe, brewsci/bio/sip@4, brewsci/bio/smalt, brewsci/bio/smina, brewsci/bio/mview, brewsci/bio/phyml, brewsci/bio/phylip, brewsci/bio/libpll, brewsci/bio/ghostz, brewsci/bio/consel, brewsci/bio/salmid, brewsci/bio/alphafill, brewsci/bio/nanofilt, brewsci/bio/snoscan or brewsci/bio/gfaview?
zsh: command not found: shovill
(base) meghnaswayambhu@Meghnas-MacBook-Pro-2 ~ % brew update                     
==> Updating Homebrew...
Already up-to-date.
(base) meghnaswayambhu@Meghnas-MacBook-Pro-2 ~ % brew install brewsci/bio/shovill
Warning: No available formula or cask with the name "brewsci/bio/shovill". Did you mean brewsci/bio/slim, brewsci/bio/dsh-bio, brewsci/bio/jmol, brewsci/bio/rails, brewsci/bio/swipe, brewsci/bio/sip@4, brewsci/bio/smalt, brewsci/bio/smina, brewsci/bio/mview, brewsci/bio/phyml, brewsci/bio/phylip, brewsci/bio/libpll, brewsci/bio/ghostz, brewsci/bio/consel, brewsci/bio/salmid, brewsci/bio/alphafill, brewsci/bio/nanofilt, brewsci/bio/snoscan or brewsci/bio/gfaview?
(base) meghnaswayambhu@Meghnas-MacBook-Pro-2 ~ % conda install -c conda-forge -c bioconda -c defaults shovill
Retrieving notices: ...working... done
Channels:
 - conda-forge
 - bioconda
 - defaults
 - r
 - pytorch
 - bioconda/label/cf201901
 - anaconda
Platform: osx-64
Collecting package metadata (repodata.json): done
Solving environment: done


==> WARNING: A newer version of conda exists. <==
    current version: 24.7.1
    latest version: 25.9.1

Please update conda by running

    $ conda update -n base -c conda-forge conda



## Package Plan ##

  environment location: /Users/meghnaswayambhu/miniconda3

  added / updated specs:
    - shovill


The following packages will be downloaded:

    package                    |            build
    ---------------------------|-----------------
    ca-certificates-2025.11.12 |       hbd8a1cb_0         149 KB  conda-forge
    flash-1.2.11               |       h5dbffcc_0          41 KB  conda-forge
    kmc-3.2.4                  |       h487323c_2         2.7 MB  bioconda
    lighter-1.1.3              |       h447d7a5_1          58 KB  bioconda
    openssl-3.6.0              |       h230baf5_0         2.7 MB  conda-forge
    perl-file-spec-3.48_01     | pl5321hdfd78af_2           6 KB  bioconda
    perl-findbin-1.54          | pl5321hdfd78af_0          11 KB  bioconda
    perl-time-piece-1.27       | pl5321hdfd78af_2           6 KB  bioconda
    pilon-1.24                 |       hdfd78af_0         9.9 MB  bioconda
    shovill-0.9.0              |                1         5.9 MB  bioconda
    spades-4.0.0               |       h3528916_3        14.6 MB  bioconda
    unzip-6.0                  |       h1c43f85_4         145 KB  conda-forge
    ------------------------------------------------------------
                                           Total:        36.2 MB

The following NEW packages will be INSTALLED:

  flash              conda-forge/osx-64::flash-1.2.11-h5dbffcc_0 
  kmc                bioconda/osx-64::kmc-3.2.4-h487323c_2 
  lighter            bioconda/osx-64::lighter-1.1.3-h447d7a5_1 
  perl-file-spec     bioconda/noarch::perl-file-spec-3.48_01-pl5321hdfd78af_2 
  perl-findbin       bioconda/noarch::perl-findbin-1.54-pl5321hdfd78af_0 
  perl-time-piece    bioconda/noarch::perl-time-piece-1.27-pl5321hdfd78af_2 
  pigz               conda-forge/osx-64::pigz-2.8-h92b6c6a_0 
  pilon              bioconda/noarch::pilon-1.24-hdfd78af_0 
  shovill            bioconda/osx-64::shovill-0.9.0-1 
  spades             bioconda/osx-64::spades-4.0.0-h3528916_3 
  unzip              conda-forge/osx-64::unzip-6.0-h1c43f85_4 

The following packages will be UPDATED:

  ca-certificates                       2025.8.3-hbd8a1cb_0 --> 2025.11.12-hbd8a1cb_0 
  openssl                                  3.5.2-h6e31bce_0 --> 3.6.0-h230baf5_0 


Proceed ([y]/n)? y


Downloading and Extracting Packages:
                                                                                                                                                                                                                             
Preparing transaction: done                                                                                                                                                                                                  
Verifying transaction: done                                                                                                                                                                                                  
Executing transaction: /                                                                                                                                                                                                     
#############################################################################################                                                                                                                                
#                                                                                           #                                                                                                                                
#   Note: SPAdes installed through bioconda on MacOS may be somewhat slower than the SPAdes #                                                                                                                                
#   binaries distributed by the authors at                                                  #                                                                                                                                
#                                                                                           #                                                                                                                                
#   http://cab.spbu.ru/files/release4.0.0/SPAdes-4.0.0-Darwin.tar.gz                                                                                                                                                         
#                                                                                           #                                                                                                                                
#   due to unavailability of parallel libstdc++ for the Clang compiler used by bioconda on  #                                                                                                                                
#   MacOS; see https://github.com/ablab/spades/issues/194#issuecomment-523175204            #
#                                                                                           #
#############################################################################################

done
(base) meghnaswayambhu@Meghnas-MacBook-Pro-2 ~ % shovill --check 
Using seqtk - /Users/meghnaswayambhu/miniconda3/bin/seqtk
Using pigz - /Users/meghnaswayambhu/miniconda3/bin/pigz
Using kmc - /Users/meghnaswayambhu/miniconda3/bin/kmc
Using trimmomatic - /Users/meghnaswayambhu/miniconda3/bin/trimmomatic
Using lighter - /Users/meghnaswayambhu/miniconda3/bin/lighter
Using flash - /Users/meghnaswayambhu/miniconda3/bin/flash
Using spades.py - /Users/meghnaswayambhu/miniconda3/bin/spades.py
Using bwa - /Users/meghnaswayambhu/miniconda3/bin/bwa
Using samtools - /Users/meghnaswayambhu/miniconda3/bin/samtools
Using java - /Users/meghnaswayambhu/.sdkman/candidates/java/current/bin/java
Using pilon - /Users/meghnaswayambhu/miniconda3/bin/pilon
Using tee - /usr/bin/tee
Using sysctl - /usr/sbin/sysctl
(base) meghnaswayambhu@Meghnas-MacBook-Pro-2 ~ % shovill --outdir out --R1 test/R1.fq.gz --R2 test/R2.fq.gz
Hello meghnaswayambhu
You ran: /Users/meghnaswayambhu/miniconda3/bin/shovill --outdir out --R1 test/R1.fq.gz --R2 test/R2.fq.gz
This is shovill 0.9.0
Written by Torsten Seemann <torsten.seemann@gmail.com>
Homepage is https://github.com/tseemann/shovill
Operating system is darwin
Can't read --R1 test/R1.fq.gz
(base) meghnaswayambhu@Meghnas-MacBook-Pro-2 ~ % cd /Volumes/sgr_rk/2_Sequencing_Projects/2_001_Sequences_Natural_Pseudomonas_Isolates/Pseudomonas_seq_pipeline/Test 
(base) meghnaswayambhu@Meghnas-MacBook-Pro-2 Test % mkdir shovill
(base) meghnaswayambhu@Meghnas-MacBook-Pro-2 Test % rm shovill   
rm: shovill: is a directory
(base) meghnaswayambhu@Meghnas-MacBook-Pro-2 Test % rm -r shovill 
(base) meghnaswayambhu@Meghnas-MacBook-Pro-2 Test % ls
data	results
(base) meghnaswayambhu@Meghnas-MacBook-Pro-2 Test % shovill --outdir shovill_out --R1 data/233090_3A06_1_trimmed.fastq.gz --R2 data/233090_3A06_2_trimmed.fastq.gz 
Hello meghnaswayambhu
You ran: /Users/meghnaswayambhu/miniconda3/bin/shovill --outdir shovill_out --R1 data/233090_3A06_1_trimmed.fastq.gz --R2 data/233090_3A06_2_trimmed.fastq.gz
This is shovill 0.9.0
Written by Torsten Seemann <torsten.seemann@gmail.com>
Homepage is https://github.com/tseemann/shovill
Operating system is darwin
Using seqtk - /Users/meghnaswayambhu/miniconda3/bin/seqtk
Using pigz - /Users/meghnaswayambhu/miniconda3/bin/pigz
Using kmc - /Users/meghnaswayambhu/miniconda3/bin/kmc
Using trimmomatic - /Users/meghnaswayambhu/miniconda3/bin/trimmomatic
Using lighter - /Users/meghnaswayambhu/miniconda3/bin/lighter
Using flash - /Users/meghnaswayambhu/miniconda3/bin/flash
Using spades.py - /Users/meghnaswayambhu/miniconda3/bin/spades.py
Using bwa - /Users/meghnaswayambhu/miniconda3/bin/bwa
Using samtools - /Users/meghnaswayambhu/miniconda3/bin/samtools
Using java - /Users/meghnaswayambhu/.sdkman/candidates/java/current/bin/java
Using pilon - /Users/meghnaswayambhu/miniconda3/bin/pilon
Using tee - /usr/bin/tee
Using sysctl - /usr/sbin/sysctl
Machine has 8 CPU cores and 16 GB RAM
Changing into folder: /Volumes/sgr_rk/2_Sequencing_Projects/2_001_Sequences_Natural_Pseudomonas_Isolates/Pseudomonas_seq_pipeline/Test/shovill_out
Collecting raw read statistics with 'seqtk'
Running: seqtk fqchk -q3 \/Volumes\/sgr_rk\/2_Sequencing_Projects\/2_001_Sequences_Natural_Pseudomonas_Isolates\/Pseudomonas_seq_pipeline\/Test\/data\/233090_3A06_1_trimmed\.fastq\.gz > 10-seqtk.tab
Read stats: total_bp = 431159118
Read stats: max_len = 251
Read stats: min_len = 36
Read stats: avg_len = 244
Estimating genome size with 'kmc'
Running: kmc -m8 -sm -n256 -ci3 -k25 -t8 \/Volumes\/sgr_rk\/2_Sequencing_Projects\/2_001_Sequences_Natural_Pseudomonas_Isolates\/Pseudomonas_seq_pipeline\/Test\/data\/233090_3A06_1_trimmed\.fastq\.gz kmc /var/folders/46/37q2f70d54zd23k0kk17p3wc0000gn/T/IHX0qpisjs >> 20-kmc.log 2>&1
^CError 2 running command
(base) meghnaswayambhu@Meghnas-MacBook-Pro-2 Test % /usr/bin/time -v shovill --outdir shovill_out \
  --R1 data/233090_3A06_1_trimmed.fastq.gz \
  --R2 data/233090_3A06_2_trimmed.fastq.gz
/usr/bin/time: illegal option -- v
usage: time [-al] [-h | -p] [-o file] utility [argument ...]
(base) meghnaswayambhu@Meghnas-MacBook-Pro-2 Test % /usr/bin/time -l shovill --outdir shovill_out \
  --R1 data/233090_3A06_1_trimmed.fastq.gz \
  --R2 data/233090_3A06_2_trimmed.fastq.gz
Hello meghnaswayambhu
You ran: /Users/meghnaswayambhu/miniconda3/bin/shovill --outdir shovill_out --R1 data/233090_3A06_1_trimmed.fastq.gz --R2 data/233090_3A06_2_trimmed.fastq.gz
This is shovill 0.9.0
Written by Torsten Seemann <torsten.seemann@gmail.com>
Homepage is https://github.com/tseemann/shovill
Operating system is darwin
Using seqtk - /Users/meghnaswayambhu/miniconda3/bin/seqtk
Using pigz - /Users/meghnaswayambhu/miniconda3/bin/pigz
Using kmc - /Users/meghnaswayambhu/miniconda3/bin/kmc
Using trimmomatic - /Users/meghnaswayambhu/miniconda3/bin/trimmomatic
Using lighter - /Users/meghnaswayambhu/miniconda3/bin/lighter
Using flash - /Users/meghnaswayambhu/miniconda3/bin/flash
Using spades.py - /Users/meghnaswayambhu/miniconda3/bin/spades.py
Using bwa - /Users/meghnaswayambhu/miniconda3/bin/bwa
Using samtools - /Users/meghnaswayambhu/miniconda3/bin/samtools
Using java - /Users/meghnaswayambhu/.sdkman/candidates/java/current/bin/java
Using pilon - /Users/meghnaswayambhu/miniconda3/bin/pilon
Using tee - /usr/bin/tee
Using sysctl - /usr/sbin/sysctl
Machine has 8 CPU cores and 16 GB RAM
Folder 'shovill_out' already exists. Try using --force
        0.25 real         0.06 user         0.04 sys
            11927552  maximum resident set size
                   0  average shared memory size
                   0  average unshared data size
                   0  average unshared stack size
                6878  page reclaims
                 239  page faults
                   0  swaps
                   0  block input operations
                   0  block output operations
                   0  messages sent
                   0  messages received
                   0  signals received
                 100  voluntary context switches
                 208  involuntary context switches
           409479115  instructions retired
           177792618  cycles elapsed
             8029440  peak memory footprint
(base) meghnaswayambhu@Meghnas-MacBook-Pro-2 Test % /usr/bin/time -l shovill --outdir shovill_out \
  --R1 data/233090_3A06_1_trimmed.fastq.gz \
  --R2 data/233090_3A06_2_trimmed.fastq.gz
Hello meghnaswayambhu
You ran: /Users/meghnaswayambhu/miniconda3/bin/shovill --outdir shovill_out --R1 data/233090_3A06_1_trimmed.fastq.gz --R2 data/233090_3A06_2_trimmed.fastq.gz
This is shovill 0.9.0
Written by Torsten Seemann <torsten.seemann@gmail.com>
Homepage is https://github.com/tseemann/shovill
Operating system is darwin
Using seqtk - /Users/meghnaswayambhu/miniconda3/bin/seqtk
Using pigz - /Users/meghnaswayambhu/miniconda3/bin/pigz
Using kmc - /Users/meghnaswayambhu/miniconda3/bin/kmc
Using trimmomatic - /Users/meghnaswayambhu/miniconda3/bin/trimmomatic
Using lighter - /Users/meghnaswayambhu/miniconda3/bin/lighter
Using flash - /Users/meghnaswayambhu/miniconda3/bin/flash
Using spades.py - /Users/meghnaswayambhu/miniconda3/bin/spades.py
Using bwa - /Users/meghnaswayambhu/miniconda3/bin/bwa
Using samtools - /Users/meghnaswayambhu/miniconda3/bin/samtools
Using java - /Users/meghnaswayambhu/.sdkman/candidates/java/current/bin/java
Using pilon - /Users/meghnaswayambhu/miniconda3/bin/pilon
Using tee - /usr/bin/tee
Using sysctl - /usr/sbin/sysctl
Machine has 8 CPU cores and 16 GB RAM
Changing into folder: /Volumes/sgr_rk/2_Sequencing_Projects/2_001_Sequences_Natural_Pseudomonas_Isolates/Pseudomonas_seq_pipeline/Test/shovill_out
Collecting raw read statistics with 'seqtk'
Running: seqtk fqchk -q3 \/Volumes\/sgr_rk\/2_Sequencing_Projects\/2_001_Sequences_Natural_Pseudomonas_Isolates\/Pseudomonas_seq_pipeline\/Test\/data\/233090_3A06_1_trimmed\.fastq\.gz > 10-seqtk.tab
Read stats: max_len = 251
Read stats: avg_len = 244
Read stats: min_len = 36
Read stats: total_bp = 431159118
Estimating genome size with 'kmc'
Running: kmc -m8 -sm -n256 -ci3 -k25 -t8 \/Volumes\/sgr_rk\/2_Sequencing_Projects\/2_001_Sequences_Natural_Pseudomonas_Isolates\/Pseudomonas_seq_pipeline\/Test\/data\/233090_3A06_1_trimmed\.fastq\.gz kmc /var/folders/46/37q2f70d54zd23k0kk17p3wc0000gn/T/kqjtRo5n7R >> 20-kmc.log 2>&1
Using genome size 5454375 bp
Estimated sequencing depth: 79 x
No read depth reduction requested or necessary.
Running: ln -s \/Volumes\/sgr_rk\/2_Sequencing_Projects\/2_001_Sequences_Natural_Pseudomonas_Isolates\/Pseudomonas_seq_pipeline\/Test\/data\/233090_3A06_1_trimmed\.fastq\.gz R1.fq.gz
Running: ln -s \/Volumes\/sgr_rk\/2_Sequencing_Projects\/2_001_Sequences_Natural_Pseudomonas_Isolates\/Pseudomonas_seq_pipeline\/Test\/data\/233090_3A06_2_trimmed\.fastq\.gz R2.fq.gz
Average read length looks like 244 bp
Setting k-mer range to (31 .. 127)
Estimated K-mers: 31 55 79 103 127 [kn=5, ks=24, kmin=31, kmax=127]
Using kmers: 31,55,79,103,127
Correcting reads with 'Lighter'
Running: lighter -od . -r R1.fq.gz -r R2.fq.gz -K 32 5454375 -t 8 -maxcor 1 >> 40-lighter.log 2>&1
Overlapping reads with 'FLASH'
Running: flash -m 20 -M 251 -d . -o flash -z -t 8 R1.cor.fq.gz R2.cor.fq.gz >> 50-flash.log 2>&1
Assembling reads with SPAdes
Running: spades.py --pe1-1 flash.notCombined_1.fastq.gz --pe1-2 flash.notCombined_2.fastq.gz --s2 flash.extendedFrags.fastq.gz --only-assembler --threads 8 --memory 8 -o . --tmp-dir /var/folders/46/37q2f70d54zd23k0kk17p3wc0000gn/T/ -k 31,55,79,103,127  >> /dev/null 2>&1
Checking for assembly errors in contigs.fasta
Running: bwa index contigs.fasta >> 70-bwa.log 2>&1
Running: (bwa mem -v 3 -x intractg -t 8 contigs.fasta R1.fq.gz R2.fq.gz | samtools sort --threads 1 -m 4G --reference contigs.fasta -T /var/folders/46/37q2f70d54zd23k0kk17p3wc0000gn/T//samtools.59911 -o shovill.bam) >> 70-bwa.log 2>&1
Running: samtools index shovill.bam >> 70-bwa.log 2>&1
Correcting errors in contigs.fasta
Running: _JAVA_OPTIONS=-Xmx8g pilon --genome contigs.fasta --frags shovill.bam --fix bases --output pilon --threads 8 --changes --mindepth 0.25 >> 80-pilon.log 2>&1
Repaired 6 contigs in contigs at 16 positions.
Removing low coverage contig (< 2 x): NODE_134_length_167_cov_1.125000_pilon
Using 'assembly_graph_with_scaffolds.gfa' as 'contigs.gfa'
Writing shovill log file.
Walltime used: 24 min 34 sec
Results in: /Volumes/sgr_rk/2_Sequencing_Projects/2_001_Sequences_Natural_Pseudomonas_Isolates/Pseudomonas_seq_pipeline/Test/shovill_out
Final assembly graph: /Volumes/sgr_rk/2_Sequencing_Projects/2_001_Sequences_Natural_Pseudomonas_Isolates/Pseudomonas_seq_pipeline/Test/shovill_out/contigs.gfa
Final assembly contigs: /Volumes/sgr_rk/2_Sequencing_Projects/2_001_Sequences_Natural_Pseudomonas_Isolates/Pseudomonas_seq_pipeline/Test/shovill_out/contigs.fa
It contains 166 (min=1) contigs totalling 5439764 bp.
Did you know? shovill is a play on the words 'Spades' and 'Illumina' ('shovel')
Done.
     1474.36 real      2477.19 user        79.99 sys
          4685504512  maximum resident set size
                   0  average shared memory size
                   0  average unshared data size
                   0  average unshared stack size
            22070579  page reclaims
                6504  page faults
                   0  swaps
                   0  block input operations
                   0  block output operations
                   0  messages sent
                   0  messages received
                   3  signals received
              111122  voluntary context switches
             5012746  involuntary context switches
          1555074188  instructions retired
           625590571  cycles elapsed
            18380224  peak memory footprint
(base) meghnaswayambhu@Meghnas-MacBook-Pro-2 Test % 
